This is LuaHBTeX, Version 1.15.0 (TeX Live 2022/Debian)  (format=lualatex 2025.3.19)  9 OCT 2025 10:36
 restricted system commands enabled.
**analisis-de-series-de-tiempo-no-lineales.tex
(./analisis-de-series-de-tiempo-no-lineales.tex
LaTeX2e <2022-11-01> patch level 1
Lua module: luaotfload 2022-10-03 3.23 Lua based OpenType font support
Lua module: lualibs 2022-10-04 2.75 ConTeXt Lua standard libraries.
Lua module: lualibs-extended 2022-10-04 2.75 ConTeXt Lua libraries -- extended c
ollection.
luaotfload | conf : Root cache directory is "/home/natits/.texlive2022/texmf-var
/luatex-cache/generic/names".
luaotfload | init : Loading fontloader "fontloader-2022-10-03.lua" from kpse-res
olved path "/usr/share/texlive/texmf-dist/tex/luatex/luaotfload/fontloader-2022-
10-03.lua".
Lua-only attribute luaotfload@noligature = 1
luaotfload | init : Context OpenType loader version 3.120
Inserting `luaotfload.node_processor' in `pre_linebreak_filter'.
Inserting `luaotfload.node_processor' in `hpack_filter'.
Inserting `luaotfload.glyph_stream' in `glyph_stream_provider'.
Inserting `luaotfload.define_font' in `define_font'.
Lua-only attribute luaotfload_color_attribute = 2
luaotfload | conf : Root cache directory is "/home/natits/.texlive2022/texmf-var
/luatex-cache/generic/names".
Inserting `luaotfload.harf.strip_prefix' in `find_opentype_file'.
Inserting `luaotfload.harf.strip_prefix' in `find_truetype_file'.
Removing  `luaotfload.glyph_stream' from `glyph_stream_provider'.
Inserting `luaotfload.harf.glyphstream' in `glyph_stream_provider'.
Inserting `luaotfload.harf.finalize_vlist' in `post_linebreak_filter'.
Inserting `luaotfload.harf.finalize_hlist' in `hpack_filter'.
Inserting `luaotfload.cleanup_files' in `wrapup_run'.
Inserting `luaotfload.harf.finalize_unicode' in `finish_pdffile'.
Inserting `luaotfload.glyphinfo' in `glyph_info'.
Lua-only attribute luaotfload.letterspace_done = 3
Inserting `luaotfload.aux.set_sscale_dimens' in `luaotfload.patch_font'.
Inserting `luaotfload.aux.set_font_index' in `luaotfload.patch_font'.
Inserting `luaotfload.aux.patch_cambria_domh' in `luaotfload.patch_font'.
Inserting `luaotfload.aux.fixup_fontdata' in `luaotfload.patch_font_unsafe'.
Inserting `luaotfload.aux.set_capheight' in `luaotfload.patch_font'.
Inserting `luaotfload.aux.set_xheight' in `luaotfload.patch_font'.
Inserting `luaotfload.rewrite_fontname' in `luaotfload.patch_font'. L3 programm
ing layer <2023-01-16>
Inserting `tracingstacklevels' in `input_level_string'.
(/usr/share/texlive/texmf-dist/tex/latex/base/book.cls
Document Class: book 2022/07/02 v1.4n Standard LaTeX document class
(/usr/share/texlive/texmf-dist/tex/latex/base/bk10.clo
File: bk10.clo 2022/07/02 v1.4n Standard LaTeX file (size option)
luaotfload | db : Font names database loaded from /home/natits/.texlive2022/texm
f-var/luatex-cache/generic/names/luaotfload-names.luc.gz)
\c@part=\count183
\c@chapter=\count184
\c@section=\count185
\c@subsection=\count186
\c@subsubsection=\count187
\c@paragraph=\count188
\c@subparagraph=\count189
\c@figure=\count190
\c@table=\count191
\abovecaptionskip=\skip48
\belowcaptionskip=\skip49
\bibindent=\dimen139
)
(/usr/share/texlive/texmf-dist/tex/latex/base/inputenc.sty
Package: inputenc 2021/02/14 v1.3d Input encoding file
\inpenc@prehook=\toks16
\inpenc@posthook=\toks17


Package inputenc Warning: inputenc package ignored with utf8 based engines.

) (/usr/share/texlive/texmf-dist/tex/generic/babel/babel.sty
Package: babel 2022/12/26 3.84 The Babel package

(/usr/share/texlive/texmf-dist/tex/generic/babel/luababel.def
\bbl@readstream=\read2
\l@dumylang=\language2
Package babel Info: Non-standard hyphenation setup on input line 118.
\l@nohyphenation=\language3
\l@icelandic=\language4
\l@german-x-2022-03-16=\language5
\l@coptic=\language6
\l@ukenglish=\language7
\l@indonesian=\language8
\l@czech=\language9
\l@basque=\language10
\l@turkmen=\language11
\l@farsi=\language12
\l@usenglishmax=\language13
\l@liturgicallatin=\language14
\l@bengali=\language15
\l@nynorsk=\language16
\l@ethiopic=\language17
\l@tamil=\language18
\l@russian=\language19
\l@sanskrit=\language20
\l@turkish=\language21
\l@kannada=\language22
\l@arabic=\language23
\l@welsh=\language24
\l@irish=\language25
\l@serbianc=\language26
\l@armenian=\language27
\l@spanish=\language28
\l@pali=\language29
\l@macedonian=\language30
\l@romanian=\language31
\l@bokmal=\language32
\l@italian=\language33
\l@malayalam=\language34
\l@finnish=\language35
\l@hindi=\language36
\l@romansh=\language37
\l@galician=\language38
\l@ngerman-x-2022-03-16=\language39
\l@slovak=\language40
\l@portuguese=\language41
\l@ibycus=\language42
\l@mongolianlmc=\language43
\l@slovenian=\language44
\l@serbian=\language45
\l@danish=\language46
\l@greek=\language47
\l@hungarian=\language48
\l@monogreek=\language49
\l@polish=\language50
\l@pinyin=\language51
\l@catalan=\language52
\l@classiclatin=\language53
\l@estonian=\language54
\l@interlingua=\language55
\l@friulan=\language56
\l@german=\language57
\l@swissgerman=\language58
\l@kurmanji=\language59
\l@oriya=\language60
\l@belarusian=\language61
\l@occitan=\language62
\l@swedish=\language63
\l@telugu=\language64
\l@ngerman=\language65
\l@ukrainian=\language66
\l@piedmontese=\language67
\l@georgian=\language68
\l@churchslavonic=\language69
\l@thai=\language70
\l@esperanto=\language71
\l@french=\language72
\l@croatian=\language73
\l@bulgarian=\language74
\l@gujarati=\language75
\l@schoolfinnish=\language76
\l@lithuanian=\language77
\l@dutch=\language78
\l@uppersorbian=\language79
\l@latin=\language80
\l@assamese=\language81
\l@ancientgreek=\language82
\l@panjabi=\language83
\l@latvian=\language84
\l@afrikaans=\language85
\l@mongolian=\language86
\l@marathi=\language87
\babelcatcodetablenum=\catcodetable12
\bbl@pattcodes=\catcodetable13
)
\babel@savecnt=\count192
\U@D=\dimen140
\l@unhyphenated=\language88

(/usr/share/texlive/texmf-dist/tex/generic/babel/luababel.def
\bbl@attr@locale=\attribute4
)
(/usr/share/texlive/texmf-dist/tex/generic/babel-spanish/spanish.ldf
Language: spanish.ldf 2021/05/27 v5.0q Spanish support from the babel system
\es@quottoks=\toks18
\es@quotdepth=\count193
Package babel Info: Making " an active character on input line 570.
Package babel Info: Making . an active character on input line 675.
Package babel Info: Making < an active character on input line 722.
Package babel Info: Making > an active character on input line 722.

(/usr/share/texlive/texmf-dist/tex/generic/hyph-utf8/loadhyph/loadhyph-es.tex
UTF-8 Spanish hyphenation patterns
(/usr/share/texlive/texmf-dist/tex/generic/hyph-utf8/patterns/tex/hyph-es.tex)))
) (/usr/share/texlive/texmf-dist/tex/generic/babel/locale/es/babel-spanish.tex
Package babel Info: Importing font and identification data for spanish
(babel)             from babel-es.ini. Reported on input line 11.
) (/usr/share/texlive/texmf-dist/tex/latex/amsmath/amsmath.sty
Package: amsmath 2022/04/08 v2.17n AMS math features
\@mathmargin=\skip50

For additional information on amsmath, use the `?' option.
(/usr/share/texlive/texmf-dist/tex/latex/amsmath/amstext.sty
Package: amstext 2021/08/26 v2.01 AMS text

(/usr/share/texlive/texmf-dist/tex/latex/amsmath/amsgen.sty
File: amsgen.sty 1999/11/30 v2.0 generic functions
\@emptytoks=\toks19
\ex@=\dimen141
))
(/usr/share/texlive/texmf-dist/tex/latex/amsmath/amsbsy.sty
Package: amsbsy 1999/11/29 v1.2d Bold Symbols
\pmbraise@=\dimen142
)
(/usr/share/texlive/texmf-dist/tex/latex/amsmath/amsopn.sty
Package: amsopn 2022/04/08 v2.04 operator names
)
\inf@bad=\count194
LaTeX Info: Redefining \frac on input line 236.
\uproot@=\count195
\leftroot@=\count196
LaTeX Info: Redefining \overline on input line 399.
LaTeX Info: Redefining \colon on input line 410.
\classnum@=\count197
\DOTSCASE@=\count198
LaTeX Info: Redefining \ldots on input line 496.
LaTeX Info: Redefining \dots on input line 499.
LaTeX Info: Redefining \cdots on input line 620.
\Mathstrutbox@=\box51
\strutbox@=\box52
LaTeX Info: Redefining \big on input line 722.
LaTeX Info: Redefining \Big on input line 723.
LaTeX Info: Redefining \bigg on input line 724.
LaTeX Info: Redefining \Bigg on input line 725.
\big@size=\dimen143
LaTeX Font Info:    Redeclaring font encoding OML on input line 743.
LaTeX Font Info:    Redeclaring font encoding OMS on input line 744.
\macc@depth=\count199
LaTeX Info: Redefining \bmod on input line 905.
LaTeX Info: Redefining \pmod on input line 910.
LaTeX Info: Redefining \smash on input line 940.
LaTeX Info: Redefining \relbar on input line 970.
LaTeX Info: Redefining \Relbar on input line 971.
\c@MaxMatrixCols=\count266
\dotsspace@=\muskip16
\c@parentequation=\count267
\dspbrk@lvl=\count268
\tag@help=\toks20
\row@=\count269
\column@=\count270
\maxfields@=\count271
\andhelp@=\toks21
\eqnshift@=\dimen144
\alignsep@=\dimen145
\tagshift@=\dimen146
\tagwidth@=\dimen147
\totwidth@=\dimen148
\lineht@=\dimen149
\@envbody=\toks22
\multlinegap=\skip51
\multlinetaggap=\skip52
\mathdisplay@stack=\toks23
LaTeX Info: Redefining \[ on input line 2953.
LaTeX Info: Redefining \] on input line 2954.
)
(/usr/share/texlive/texmf-dist/tex/latex/amsfonts/amsfonts.sty
Package: amsfonts 2013/01/14 v3.01 Basic AMSFonts support
\symAMSa=\mathgroup4
\symAMSb=\mathgroup5
LaTeX Font Info:    Redeclaring math symbol \hbar on input line 98.
LaTeX Font Info:    Overwriting math alphabet `\mathfrak' in version `bold'
(Font)                  U/euf/m/n --> U/euf/b/n on input line 106.
)
(/usr/share/texlive/texmf-dist/tex/latex/amsfonts/amssymb.sty
Package: amssymb 2013/01/14 v3.01 AMS font symbols
)
(/usr/share/texlive/texmf-dist/tex/latex/graphics/graphicx.sty
Package: graphicx 2021/09/16 v1.2d Enhanced LaTeX Graphics (DPC,SPQR)

(/usr/share/texlive/texmf-dist/tex/latex/graphics/keyval.sty
Package: keyval 2022/05/29 v1.15 key=value parser (DPC)
\KV@toks@=\toks24
)
(/usr/share/texlive/texmf-dist/tex/latex/graphics/graphics.sty
Package: graphics 2022/03/10 v1.4e Standard LaTeX Graphics (DPC,SPQR)

(/usr/share/texlive/texmf-dist/tex/latex/graphics/trig.sty
Package: trig 2021/08/11 v1.11 sin cos tan (DPC)
)
(/usr/share/texlive/texmf-dist/tex/latex/graphics-cfg/graphics.cfg
File: graphics.cfg 2016/06/04 v1.11 sample graphics configuration
)
Package graphics Info: Driver file: luatex.def on input line 107.

(/usr/share/texlive/texmf-dist/tex/latex/graphics-def/luatex.def
File: luatex.def 2022/09/22 v1.2d Graphics/color driver for luatex
))
\Gin@req@height=\dimen150
\Gin@req@width=\dimen151
)
(/usr/share/texlive/texmf-dist/tex/latex/hyperref/hyperref.sty
Package: hyperref 2022-11-13 v7.00u Hypertext links for LaTeX

(/usr/share/texlive/texmf-dist/tex/generic/ltxcmds/ltxcmds.sty
Package: ltxcmds 2020-05-10 v1.25 LaTeX kernel commands for general use (HO)
)
(/usr/share/texlive/texmf-dist/tex/generic/iftex/iftex.sty
Package: iftex 2022/02/03 v1.0f TeX engine tests
)
(/usr/share/texlive/texmf-dist/tex/generic/pdftexcmds/pdftexcmds.sty
Package: pdftexcmds 2020-06-27 v0.33 Utility functions of pdfTeX for LuaTeX (HO
)

(/usr/share/texlive/texmf-dist/tex/generic/infwarerr/infwarerr.sty
Package: infwarerr 2019/12/03 v1.5 Providing info/warning/error messages (HO)
)
Package pdftexcmds Info: \pdf@primitive is available.
Package pdftexcmds Info: \pdf@ifprimitive is available.
Package pdftexcmds Info: \pdfdraftmode found.
\pdftexcmds@toks=\toks25
)
(/usr/share/texlive/texmf-dist/tex/latex/kvsetkeys/kvsetkeys.sty
Package: kvsetkeys 2022-10-05 v1.19 Key value parser (HO)
)
(/usr/share/texlive/texmf-dist/tex/generic/kvdefinekeys/kvdefinekeys.sty
Package: kvdefinekeys 2019-12-19 v1.6 Define keys (HO)
)
(/usr/share/texlive/texmf-dist/tex/generic/pdfescape/pdfescape.sty
Package: pdfescape 2019/12/09 v1.15 Implements pdfTeX's escape features (HO)
)
(/usr/share/texlive/texmf-dist/tex/latex/hycolor/hycolor.sty
Package: hycolor 2020-01-27 v1.10 Color options for hyperref/bookmark (HO)
)
(/usr/share/texlive/texmf-dist/tex/latex/letltxmacro/letltxmacro.sty
Package: letltxmacro 2019/12/03 v1.6 Let assignment for LaTeX macros (HO)
)
(/usr/share/texlive/texmf-dist/tex/latex/auxhook/auxhook.sty
Package: auxhook 2019-12-17 v1.6 Hooks for auxiliary files (HO)
)
(/usr/share/texlive/texmf-dist/tex/latex/hyperref/nameref.sty
Package: nameref 2022-05-17 v2.50 Cross-referencing by name of section

(/usr/share/texlive/texmf-dist/tex/latex/refcount/refcount.sty
Package: refcount 2019/12/15 v3.6 Data extraction from label references (HO)
)
(/usr/share/texlive/texmf-dist/tex/generic/gettitlestring/gettitlestring.sty
Package: gettitlestring 2019/12/15 v1.6 Cleanup title references (HO)

(/usr/share/texlive/texmf-dist/tex/latex/kvoptions/kvoptions.sty
Package: kvoptions 2022-06-15 v3.15 Key value format for package options (HO)
))
\c@section@level=\count272
)
\@linkdim=\dimen152
\Hy@linkcounter=\count273
\Hy@pagecounter=\count274

(/usr/share/texlive/texmf-dist/tex/latex/hyperref/pd1enc.def
File: pd1enc.def 2022-11-13 v7.00u Hyperref: PDFDocEncoding definition (HO)
)
(/usr/share/texlive/texmf-dist/tex/generic/intcalc/intcalc.sty
Package: intcalc 2019/12/15 v1.3 Expandable calculations with integers (HO)
)
(/usr/share/texlive/texmf-dist/tex/generic/etexcmds/etexcmds.sty
Package: etexcmds 2019/12/15 v1.7 Avoid name clashes with e-TeX commands (HO)
)
\Hy@SavedSpaceFactor=\count275

(/usr/share/texlive/texmf-dist/tex/latex/hyperref/puenc.def
File: puenc.def 2022-11-13 v7.00u Hyperref: PDF Unicode definition (HO)
)
Package hyperref Info: Hyper figures OFF on input line 4162.
Package hyperref Info: Link nesting OFF on input line 4167.
Package hyperref Info: Hyper index ON on input line 4170.
Package hyperref Info: Plain pages OFF on input line 4177.
Package hyperref Info: Backreferencing OFF on input line 4182.
Package hyperref Info: Implicit mode ON; LaTeX internals redefined.
Package hyperref Info: Bookmarks ON on input line 4410.
\c@Hy@tempcnt=\count276

(/usr/share/texlive/texmf-dist/tex/latex/url/url.sty
\Urlmuskip=\muskip17
Package: url 2013/09/16  ver 3.4  Verb mode for urls, etc.
)
LaTeX Info: Redefining \url on input line 4748.
\XeTeXLinkMargin=\dimen153

(/usr/share/texlive/texmf-dist/tex/generic/bitset/bitset.sty
Package: bitset 2019/12/09 v1.3 Handle bit-vector datatype (HO)

(/usr/share/texlive/texmf-dist/tex/generic/bigintcalc/bigintcalc.sty
Package: bigintcalc 2019/12/15 v1.5 Expandable calculations on big integers (HO
)
))
\Fld@menulength=\count277
\Field@Width=\dimen154
\Fld@charsize=\dimen155
Package hyperref Info: Hyper figures OFF on input line 6027.
Package hyperref Info: Link nesting OFF on input line 6032.
Package hyperref Info: Hyper index ON on input line 6035.
Package hyperref Info: backreferencing OFF on input line 6042.
Package hyperref Info: Link coloring OFF on input line 6047.
Package hyperref Info: Link coloring with OCG OFF on input line 6052.
Package hyperref Info: PDF/A mode OFF on input line 6057.

(/usr/share/texlive/texmf-dist/tex/latex/base/atbegshi-ltx.sty
Package: atbegshi-ltx 2021/01/10 v1.0c Emulation of the original atbegshi
package with kernel methods
)
\Hy@abspage=\count278
\c@Item=\count279
\c@Hfootnote=\count280
)
Package hyperref Info: Driver (autodetected): hluatex.

(/usr/share/texlive/texmf-dist/tex/latex/hyperref/hluatex.def
File: hluatex.def 2022-11-13 v7.00u Hyperref driver for luaTeX

(/usr/share/texlive/texmf-dist/tex/generic/stringenc/stringenc.sty
Package: stringenc 2019/11/29 v1.12 Convert strings between diff. encodings (HO
)
)
(/usr/share/texlive/texmf-dist/tex/latex/base/atveryend-ltx.sty
Package: atveryend-ltx 2020/08/19 v1.0a Emulation of the original atveryend pac
kage
with kernel methods
)
\Fld@listcount=\count281
\c@bookmark@seq@number=\count282

(/usr/share/texlive/texmf-dist/tex/latex/rerunfilecheck/rerunfilecheck.sty
Package: rerunfilecheck 2022-07-10 v1.10 Rerun checks for auxiliary files (HO)

(/usr/share/texlive/texmf-dist/tex/generic/uniquecounter/uniquecounter.sty
Package: uniquecounter 2019/12/15 v1.4 Provide unlimited unique counter (HO)
)
Package uniquecounter Info: New unique counter `rerunfilecheck' on input line 2
85.
)
\Hy@SectionHShift=\skip53
)
(/usr/share/texlive/texmf-dist/tex/latex/geometry/geometry.sty
Package: geometry 2020/01/02 v5.9 Page Geometry

(/usr/share/texlive/texmf-dist/tex/generic/iftex/ifvtex.sty
Package: ifvtex 2019/10/25 v1.7 ifvtex legacy package. Use iftex instead.
)
\Gm@cnth=\count283
\Gm@cntv=\count284
\c@Gm@tempcnt=\count285
\Gm@bindingoffset=\dimen156
\Gm@wd@mp=\dimen157
\Gm@odd@mp=\dimen158
\Gm@even@mp=\dimen159
\Gm@layoutwidth=\dimen160
\Gm@layoutheight=\dimen161
\Gm@layouthoffset=\dimen162
\Gm@layoutvoffset=\dimen163
\Gm@dimlist=\toks26
)
(/usr/share/texlive/texmf-dist/tex/latex/l3backend/l3backend-luatex.def
File: l3backend-luatex.def 2023-01-16 L3 backend support: PDF output (LuaTeX)
\l__color_backend_stack_int=\count286
\l__pdf_internal_box=\box53
)
(./analisis-de-series-de-tiempo-no-lineales.aux
LaTeX Info: Redefining \. on input line 22.
LaTeX Info: Redefining \% on input line 22.
)
\openout1 = analisis-de-series-de-tiempo-no-lineales.aux

LaTeX Font Info:    Checking defaults for OML/cmm/m/it on input line 16.
LaTeX Font Info:    ... okay on input line 16.
LaTeX Font Info:    Checking defaults for OMS/cmsy/m/n on input line 16.
LaTeX Font Info:    ... okay on input line 16.
LaTeX Font Info:    Checking defaults for OT1/cmr/m/n on input line 16.
LaTeX Font Info:    ... okay on input line 16.
LaTeX Font Info:    Checking defaults for T1/cmr/m/n on input line 16.
LaTeX Font Info:    ... okay on input line 16.
LaTeX Font Info:    Checking defaults for TS1/cmr/m/n on input line 16.
LaTeX Font Info:    Trying to load font information for TS1+cmr on input line 1
6.

(/usr/share/texlive/texmf-dist/tex/latex/base/ts1cmr.fd
File: ts1cmr.fd 2022/07/10 v2.5l Standard LaTeX font definitions
)
LaTeX Font Info:    ... okay on input line 16.
LaTeX Font Info:    Checking defaults for TU/lmr/m/n on input line 16.
LaTeX Font Info:    ... okay on input line 16.
LaTeX Font Info:    Checking defaults for OMX/cmex/m/n on input line 16.
LaTeX Font Info:    ... okay on input line 16.
LaTeX Font Info:    Checking defaults for U/cmr/m/n on input line 16.
LaTeX Font Info:    ... okay on input line 16.
LaTeX Font Info:    Checking defaults for PD1/pdf/m/n on input line 16.
LaTeX Font Info:    ... okay on input line 16.
LaTeX Font Info:    Checking defaults for PU/pdf/m/n on input line 16.
LaTeX Font Info:    ... okay on input line 16.
LaTeX Info: Redefining \. on input line 16.
LaTeX Info: Redefining \% on input line 16.

(/usr/share/texlive/texmf-dist/tex/context/base/mkii/supp-pdf.mkii
[Loading MPS to PDF converter (version 2006.09.02).]
\scratchcounter=\count287
\scratchdimen=\dimen164
\scratchbox=\box54
\nofMPsegments=\count288
\nofMParguments=\count289
\everyMPshowfont=\toks27
\MPscratchCnt=\count290
\MPscratchDim=\dimen165
\MPnumerator=\count291
\makeMPintoPDFobject=\count292
\everyMPtoPDFconversion=\toks28
) (/usr/share/texlive/texmf-dist/tex/latex/epstopdf-pkg/epstopdf-base.sty
Package: epstopdf-base 2020-01-24 v2.11 Base part for package epstopdf
Package epstopdf-base Info: Redefining graphics rule for `.eps' on input line 4
85.

(/usr/share/texlive/texmf-dist/tex/latex/latexconfig/epstopdf-sys.cfg
File: epstopdf-sys.cfg 2010/07/13 v1.3 Configuration of (r)epstopdf for TeX Liv
e
))
Package hyperref Info: Link coloring OFF on input line 16.

(./analisis-de-series-de-tiempo-no-lineales.out)
(./analisis-de-series-de-tiempo-no-lineales.out)
\@outlinefile=\write3

\openout3 = analisis-de-series-de-tiempo-no-lineales.out

*geometry* driver: auto-detecting
*geometry* detected driver: luatex
*geometry* verbose mode - [ preamble ] result:
* driver: luatex
* paper: a4paper
* layout: <same size as paper>
* layoutoffset:(h,v)=(0.0pt,0.0pt)
* modes: twoside 
* h-part:(L,W,R)=(56.9055pt, 483.69687pt, 56.9055pt)
* v-part:(T,H,B)=(56.9055pt, 731.23584pt, 56.9055pt)
* \paperwidth=597.50787pt
* \paperheight=845.04684pt
* \textwidth=483.69687pt
* \textheight=731.23584pt
* \oddsidemargin=-15.36449pt
* \evensidemargin=-15.36449pt
* \topmargin=-45.43198pt
* \headheight=12.0pt
* \headsep=18.06749pt
* \topskip=10.0pt
* \footskip=25.29494pt
* \marginparwidth=115.0pt
* \marginparsep=7.0pt
* \columnsep=10.0pt
* \skip\footins=9.0pt plus 4.0pt minus 2.0pt
* \hoffset=0.0pt
* \voffset=0.0pt
* \mag=1000
* \@twocolumnfalse
* \@twosidetrue
* \@mparswitchtrue
* \@reversemarginfalse
* (1in=72.27pt=25.4mm, 1cm=28.453pt)

LaTeX Font Info:    Trying to load font information for U+msa on input line 18.

(/usr/share/texlive/texmf-dist/tex/latex/amsfonts/umsa.fd
File: umsa.fd 2013/01/14 v3.01 AMS symbols A
)
LaTeX Font Info:    Trying to load font information for U+msb on input line 18.


(/usr/share/texlive/texmf-dist/tex/latex/amsfonts/umsb.fd
File: umsb.fd 2013/01/14 v3.01 AMS symbols B
) [1


{/var/lib/texmf/fonts/map/pdftex/updmap/pdftex.map}] [2

]
(./analisis-de-series-de-tiempo-no-lineales.toc
LaTeX Info: Redefining \. on input line 1.
LaTeX Info: Redefining \% on input line 1.
)
\tf@toc=\write4

\openout4 = analisis-de-series-de-tiempo-no-lineales.toc
 [3]
LaTeX Info: Redefining \. on input line 21.
LaTeX Info: Redefining \% on input line 21.
 [4

]
Capítulo 1.
[5]
LaTeX Info: Redefining \. on input line 58.
LaTeX Info: Redefining \% on input line 58.
 [6]
LaTeX Info: Redefining \. on input line 76.
LaTeX Info: Redefining \% on input line 76.
 [7]
LaTeX Info: Redefining \. on input line 91.
LaTeX Info: Redefining \% on input line 91.
 [8]
LaTeX Info: Redefining \. on input line 93.
LaTeX Info: Redefining \% on input line 93.
 [9]
LaTeX Info: Redefining \. on input line 94.
LaTeX Info: Redefining \% on input line 94.
 [10

]
Capítulo 2.
[11]
LaTeX Info: Redefining \. on input line 130.
LaTeX Info: Redefining \% on input line 130.
 [12]
LaTeX Info: Redefining \. on input line 160.
LaTeX Info: Redefining \% on input line 160.
 [13]
LaTeX Info: Redefining \. on input line 163.
LaTeX Info: Redefining \% on input line 163.
 [14]
LaTeX Info: Redefining \. on input line 209.
LaTeX Info: Redefining \% on input line 209.
 [15]
warning  (pdf backend): ignoring duplicate destination with the name 'equation.2
.3.6'

warning  (pdf backend): ignoring duplicate destination with the name 'equation.2
.3.6'

warning  (pdf backend): ignoring duplicate destination with the name 'equation.2
.3.6'

warning  (pdf backend): ignoring duplicate destination with the name 'equation.2
.3.6'

warning  (pdf backend): ignoring duplicate destination with the name 'equation.2
.3.6'

warning  (pdf backend): ignoring duplicate destination with the name 'equation.2
.3.6'

warning  (pdf backend): ignoring duplicate destination with the name 'equation.2
.3.6'

warning  (pdf backend): ignoring duplicate destination with the name 'equation.2
.3.6'

warning  (pdf backend): ignoring duplicate destination with the name 'equation.2
.3.6'

warning  (pdf backend): ignoring duplicate destination with the name 'equation.2
.3.6'

warning  (pdf backend): ignoring duplicate destination with the name 'equation.2
.3.6'

warning  (pdf backend): ignoring duplicate destination with the name 'equation.2
.3.6'

warning  (pdf backend): ignoring duplicate destination with the name 'equation.2
.3.6'

warning  (pdf backend): ignoring duplicate destination with the name 'equation.2
.3.6'

warning  (pdf backend): ignoring duplicate destination with the name 'equation.2
.3.6'

warning  (pdf backend): ignoring duplicate destination with the name 'equation.2
.3.6'
LaTeX Info: Redefining \. on input line 253.
LaTeX Info: Redefining \% on input line 253.
[16]
LaTeX Info: Redefining \. on input line 264.
LaTeX Info: Redefining \% on input line 264.
 [17]
LaTeX Info: Redefining \. on input line 278.
LaTeX Info: Redefining \% on input line 278.
 [18]
LaTeX Info: Redefining \. on input line 310.
LaTeX Info: Redefining \% on input line 310.
 [19]
LaTeX Info: Redefining \. on input line 330.
LaTeX Info: Redefining \% on input line 330.
 [20]
LaTeX Info: Redefining \. on input line 373.
LaTeX Info: Redefining \% on input line 373.
 [21]
LaTeX Info: Redefining \. on input line 379.
LaTeX Info: Redefining \% on input line 379.
 [22]
LaTeX Info: Redefining \. on input line 389.
LaTeX Info: Redefining \% on input line 389.
 [23]
LaTeX Info: Redefining \. on input line 397.
LaTeX Info: Redefining \% on input line 397.
 [24]
Capítulo 3.
[25

]
LaTeX Info: Redefining \. on input line 456.
LaTeX Info: Redefining \% on input line 456.
 [26]
LaTeX Info: Redefining \. on input line 465.
LaTeX Info: Redefining \% on input line 465.
 [27]
LaTeX Info: Redefining \. on input line 491.
LaTeX Info: Redefining \% on input line 491.
 [28]
LaTeX Info: Redefining \. on input line 509.
LaTeX Info: Redefining \% on input line 509.
 [29]
LaTeX Info: Redefining \. on input line 541.
LaTeX Info: Redefining \% on input line 541.
 [30]
LaTeX Info: Redefining \. on input line 568.
LaTeX Info: Redefining \% on input line 568.
 [31]
LaTeX Info: Redefining \. on input line 582.
LaTeX Info: Redefining \% on input line 582.
 [32]
LaTeX Info: Redefining \. on input line 596.
LaTeX Info: Redefining \% on input line 596.
 [33]
LaTeX Info: Redefining \. on input line 602.
LaTeX Info: Redefining \% on input line 602.
 [34]
LaTeX Info: Redefining \. on input line 622.
LaTeX Info: Redefining \% on input line 622.
 [35]
LaTeX Info: Redefining \. on input line 636.
LaTeX Info: Redefining \% on input line 636.
 [36]
LaTeX Info: Redefining \. on input line 643.
LaTeX Info: Redefining \% on input line 643.
 [37]
LaTeX Info: Redefining \. on input line 655.
LaTeX Info: Redefining \% on input line 655.
 [38]
LaTeX Info: Redefining \. on input line 659.
LaTeX Info: Redefining \% on input line 659.
 [39]
LaTeX Info: Redefining \. on input line 664.
LaTeX Info: Redefining \% on input line 664.

[40]
Capítulo 4.
[41

]
LaTeX Info: Redefining \. on input line 721.
LaTeX Info: Redefining \% on input line 721.
 [42]
LaTeX Info: Redefining \. on input line 758.
LaTeX Info: Redefining \% on input line 758.
 [43]
LaTeX Info: Redefining \. on input line 772.
LaTeX Info: Redefining \% on input line 772.
 [44]
LaTeX Info: Redefining \. on input line 788.
LaTeX Info: Redefining \% on input line 788.
 [45]
LaTeX Info: Redefining \. on input line 802.
LaTeX Info: Redefining \% on input line 802.
 [46]
LaTeX Info: Redefining \. on input line 841.
LaTeX Info: Redefining \% on input line 841.
 [47]
LaTeX Info: Redefining \. on input line 856.
LaTeX Info: Redefining \% on input line 856.
 [48]
LaTeX Info: Redefining \. on input line 874.
LaTeX Info: Redefining \% on input line 874.
 [49]
LaTeX Info: Redefining \. on input line 880.
LaTeX Info: Redefining \% on input line 880.
 [50]
LaTeX Info: Redefining \. on input line 886.
LaTeX Info: Redefining \% on input line 886.
 [51]
LaTeX Info: Redefining \. on input line 888.
LaTeX Info: Redefining \% on input line 888.
 [52

]
Capítulo 5.
[53]
LaTeX Info: Redefining \. on input line 932.
LaTeX Info: Redefining \% on input line 932.
 [54]
LaTeX Info: Redefining \. on input line 953.
LaTeX Info: Redefining \% on input line 953.
 [55]
LaTeX Info: Redefining \. on input line 962.
LaTeX Info: Redefining \% on input line 962.
 [56]
LaTeX Info: Redefining \. on input line 973.
LaTeX Info: Redefining \% on input line 973.
 [57]
LaTeX Info: Redefining \. on input line 987.
LaTeX Info: Redefining \% on input line 987.
 [58]
LaTeX Info: Redefining \. on input line 989.
LaTeX Info: Redefining \% on input line 989.
 [59]
LaTeX Info: Redefining \. on input line 994.
LaTeX Info: Redefining \% on input line 994.
 [60]
Capítulo 6.
[61

]
LaTeX Info: Redefining \. on input line 1047.
LaTeX Info: Redefining \% on input line 1047.
 [62]
LaTeX Info: Redefining \. on input line 1073.
LaTeX Info: Redefining \% on input line 1073.
 [63]
LaTeX Info: Redefining \. on input line 1077.
LaTeX Info: Redefining \% on input line 1077.
 [64]
LaTeX Info: Redefining \. on input line 1096.
LaTeX Info: Redefining \% on input line 1096.
 [65]
LaTeX Info: Redefining \. on input line 1108.
LaTeX Info: Redefining \% on input line 1108.
 [66]
LaTeX Info: Redefining \. on input line 1122.
LaTeX Info: Redefining \% on input line 1122.
 [67]
LaTeX Info: Redefining \. on input line 1138.
LaTeX Info: Redefining \% on input line 1138.
 [68]
LaTeX Info: Redefining \. on input line 1155.
LaTeX Info: Redefining \% on input line 1155.
 [69]
LaTeX Info: Redefining \. on input line 1189.
LaTeX Info: Redefining \% on input line 1189.
 [70]
LaTeX Info: Redefining \. on input line 1205.
LaTeX Info: Redefining \% on input line 1205.

Overfull \hbox (92.06767pt too wide) has occurred while \output is active
\TU/lmr/m/sl/10 6.7.  UNA APLI-CA-CIÓN ÚTIL: DE-TER-MI-NA-CIÓN DEL NI-VEL DE RUI-DO ME-DIAN-TE LA IN-TE-GRAL DE CO-RRE-LA-CI
ÓN \TU/lmr/m/n/10 71
 []

[71]
LaTeX Info: Redefining \. on input line 1215.
LaTeX Info: Redefining \% on input line 1215.
 [72]

LaTeX Warning: Citation `Bertenthal1996' on page 73 undefined on input line 124
1.


LaTeX Warning: Citation `CollinsDeLuca1995' on page 73 undefined on input line 
1241.

LaTeX Info: Redefining \. on input line 1243.
LaTeX Info: Redefining \% on input line 1243.
[73]
LaTeX Info: Redefining \. on input line 1251.
LaTeX Info: Redefining \% on input line 1251.
 [74]
LaTeX Info: Redefining \. on input line 1283.
LaTeX Info: Redefining \% on input line 1283.
 [75]
LaTeX Info: Redefining \. on input line 1292.
LaTeX Info: Redefining \% on input line 1292.
 [76] (./analisis-de-series-de-tiempo-no-lineales.aux
LaTeX Info: Redefining \. on input line 22.
LaTeX Info: Redefining \% on input line 22.
)

LaTeX Warning: There were undefined references.

Package rerunfilecheck Info: File `analisis-de-series-de-tiempo-no-lineales.out
' has not changed.
(rerunfilecheck)             Checksum: 60CC10B921310BEF2F526773D86804CB;9669.
)

Here is how much of LuaTeX's memory you used:
 12437 strings out of 478382
 156269,1977958 words of node,token memory allocated
 1431 words of node memory still in use:
   7 hlist, 2 vlist, 2 rule, 17 glue, 4 kern, 3 sub_mlist, 1 glyph, 278 attribut
e, 54 glue_spec, 141 attribute_list, 1 write nodes
   avail lists: 2:1024,3:457,4:83,5:697,6:131,7:15695,8:134,9:602,10:41,11:2339
 31887 multiletter control sequences out of 65536+600000
 77 fonts using 6026847 bytes
 72i,8n,72p,3845b,455s stack positions out of 10000i,1000n,20000p,200000b,200000s
</usr/share/texmf/fonts/opentype/public/lm/lmroman8-italic.otf></usr/share/texmf
/fonts/opentype/public/lm/lmmono10-regular.otf></usr/share/texmf/fonts/opentype/
public/lm/lmroman8-regular.otf></usr/share/texmf/fonts/opentype/public/lm/lmroma
n6-regular.otf></usr/share/texmf/fonts/opentype/public/lm/lmroman7-regular.otf><
/usr/share/texmf/fonts/opentype/public/lm/lmromanslant10-regular.otf></usr/share
/texmf/fonts/opentype/public/lm/lmroman10-italic.otf></usr/share/texmf/fonts/ope
ntype/public/lm/lmroman10-bold.otf></usr/share/texmf/fonts/opentype/public/lm/lm
roman10-regular.otf></usr/share/texmf/fonts/opentype/public/lm/lmroman10-boldita
lic.otf></usr/share/texmf/fonts/opentype/public/lm/lmroman12-italic.otf></usr/sh
are/texmf/fonts/opentype/public/lm/lmroman12-regular.otf></usr/share/texmf/fonts
/opentype/public/lm/lmroman12-bold.otf></usr/share/texlive/texmf-dist/fonts/type
1/public/amsfonts/cm/cmbx10.pfb></usr/share/texlive/texmf-dist/fonts/type1/publi
c/amsfonts/cm/cmbx7.pfb></usr/share/texlive/texmf-dist/fonts/type1/public/amsfon
ts/cm/cmex10.pfb></usr/share/texlive/texmf-dist/fonts/type1/public/amsfonts/cm/c
mmi10.pfb></usr/share/texlive/texmf-dist/fonts/type1/public/amsfonts/cm/cmmi5.pf
b></usr/share/texlive/texmf-dist/fonts/type1/public/amsfonts/cm/cmmi6.pfb></usr/
share/texlive/texmf-dist/fonts/type1/public/amsfonts/cm/cmmi7.pfb></usr/share/te
xlive/texmf-dist/fonts/type1/public/amsfonts/cm/cmmi8.pfb></usr/share/texlive/te
xmf-dist/fonts/type1/public/amsfonts/cm/cmr10.pfb></usr/share/texlive/texmf-dist
/fonts/type1/public/amsfonts/cm/cmr5.pfb></usr/share/texlive/texmf-dist/fonts/ty
pe1/public/amsfonts/cm/cmr7.pfb></usr/share/texlive/texmf-dist/fonts/type1/publi
c/amsfonts/cm/cmr8.pfb></usr/share/texlive/texmf-dist/fonts/type1/public/amsfont
s/cm/cmsy10.pfb></usr/share/texlive/texmf-dist/fonts/type1/public/amsfonts/cm/cm
sy5.pfb></usr/share/texlive/texmf-dist/fonts/type1/public/amsfonts/cm/cmsy7.pfb>
</usr/share/texlive/texmf-dist/fonts/type1/public/amsfonts/cm/cmsy8.pfb></usr/sh
are/texlive/texmf-dist/fonts/type1/public/amsfonts/symbols/msbm10.pfb>
Output written on analisis-de-series-de-tiempo-no-lineales.pdf (76 pages, 54345
2 bytes).

PDF statistics: 830 PDF objects out of 1000 (max. 8388607)
 689 compressed objects within 7 object streams
 216 named destinations out of 1000 (max. 131072)
 345 words of extra memory for PDF output out of 10000 (max. 100000000)

