[INFO] Archivo de entrada encontrado: bachata/lanzamientos-unicos-bachata.csv
[INFO] Se cargaron 99 lanzamientos
[INFO] [1/99] Procesando lanzamiento id=447cc0d5-a920-4272-8b81-6ad0745359d3
[INFO] El lanzamiento 447cc0d5-a920-4272-8b81-6ad0745359d3 es una recopilación tipo Album
[INFO] Revisando url correspondiente
[INFO] La recopilación tipo Album tiene 12 canciones
[INFO] [2/99] Procesando lanzamiento id=4213cf74-3f93-42b4-8bc0-c49c6f13ccca
[INFO] El lanzamiento 4213cf74-3f93-42b4-8bc0-c49c6f13ccca es una recopilación tipo Album
[INFO] Revisando url correspondiente
[INFO] La recopilación tipo Album tiene 10 canciones
[INFO] [3/99] Procesando lanzamiento id=6c8ceff3-9a6d-434e-b1a1-690f36a278d6
[INFO] El lanzamiento 6c8ceff3-9a6d-434e-b1a1-690f36a278d6 es una recopilación tipo Album
[INFO] Revisando url correspondiente
[INFO] La recopilación tipo Album tiene 10 canciones
[INFO] [4/99] Procesando lanzamiento id=8e76ca16-0405-44e0-b299-f728ff3c24f1
[INFO] El lanzamiento 8e76ca16-0405-44e0-b299-f728ff3c24f1 es una recopilación tipo Album
[INFO] Revisando url correspondiente
[INFO] La recopilación tipo Album tiene 10 canciones
[INFO] [5/99] Procesando lanzamiento id=5d6234c1-525b-43c3-b76e-d9c1b2893026
[INFO] El lanzamiento 5d6234c1-525b-43c3-b76e-d9c1b2893026 es una recopilación tipo Album
[INFO] Revisando url correspondiente
[INFO] La recopilación tipo Album tiene 10 canciones
[INFO] [6/99] Procesando lanzamiento id=a751d049-c2c6-474e-ab49-16c0705cc98b
[INFO] El lanzamiento a751d049-c2c6-474e-ab49-16c0705cc98b es una recopilación tipo Album
[INFO] Revisando url correspondiente
[INFO] La recopilación tipo Album tiene 11 canciones
[INFO] [7/99] Procesando lanzamiento id=19dccdd0-b5e3-4a68-9929-2ce6564ca1b7
[INFO] El lanzamiento 19dccdd0-b5e3-4a68-9929-2ce6564ca1b7 es una recopilación tipo Album
[INFO] Revisando url correspondiente
[INFO] La recopilación tipo Album tiene 11 canciones
[INFO] [8/99] Procesando lanzamiento id=a1aad1c0-1812-4ec2-8d9d-31e93cb7aa39
[INFO] El lanzamiento a1aad1c0-1812-4ec2-8d9d-31e93cb7aa39 es una recopilación tipo Album
[INFO] Revisando url correspondiente
[INFO] La recopilación tipo Album tiene 12 canciones
[INFO] [9/99] Procesando lanzamiento id=9d5362d3-18cb-4479-9b16-f83ce8d91647
[INFO] El lanzamiento 9d5362d3-18cb-4479-9b16-f83ce8d91647 es una recopilación tipo Album
[INFO] Revisando url correspondiente
[INFO] La recopilación tipo Album tiene 11 canciones
[INFO] [10/99] Procesando lanzamiento id=d9f6ba6c-0a38-4f1f-a26b-ab2a72000ce3
[INFO] El lanzamiento d9f6ba6c-0a38-4f1f-a26b-ab2a72000ce3 es una recopilación tipo Album
[INFO] Revisando url correspondiente
[INFO] La recopilación tipo Album tiene 10 canciones
[INFO] [11/99] Procesando lanzamiento id=7da68931-0d81-4eb5-8548-ef048e5a17bf
[INFO] El lanzamiento 7da68931-0d81-4eb5-8548-ef048e5a17bf es una recopilación tipo Album
[INFO] Revisando url correspondiente
[INFO] La recopilación tipo Album tiene 10 canciones
[INFO] [12/99] Procesando lanzamiento id=8870723e-93a7-4c83-b5c4-4f6ccd4e4f09
[INFO] El lanzamiento 8870723e-93a7-4c83-b5c4-4f6ccd4e4f09 es una recopilación tipo Album
[INFO] Revisando url correspondiente
[INFO] La recopilación tipo Album tiene 10 canciones
[INFO] [13/99] Procesando lanzamiento id=e7280e08-6721-4c86-a6c4-41a383bb2848
[INFO] El lanzamiento e7280e08-6721-4c86-a6c4-41a383bb2848 es una recopilación tipo Album
[INFO] Revisando url correspondiente
[INFO] La recopilación tipo Album tiene 11 canciones
[INFO] [14/99] Procesando lanzamiento id=f92d29cb-487f-4f03-82c4-b16ad53be7ca
[INFO] El lanzamiento f92d29cb-487f-4f03-82c4-b16ad53be7ca es una recopilación tipo Album
[INFO] Revisando url correspondiente
[INFO] La recopilación tipo Album tiene 12 canciones
[INFO] [15/99] Procesando lanzamiento id=ec2b79f4-a6a4-4b0b-ae37-d3e75a1ae378
[INFO] El lanzamiento ec2b79f4-a6a4-4b0b-ae37-d3e75a1ae378 es una recopilación tipo Album
[INFO] Revisando url correspondiente
[INFO] La recopilación tipo Album tiene 12 canciones
[INFO] [16/99] Procesando lanzamiento id=f2f101d0-7bfc-4b07-ae87-de899e81f5c1
[INFO] El lanzamiento f2f101d0-7bfc-4b07-ae87-de899e81f5c1 es una recopilación tipo Album
[INFO] Revisando url correspondiente
[INFO] La recopilación tipo Album tiene 11 canciones
[INFO] [17/99] Procesando lanzamiento id=b72907a5-d72f-46c4-bc68-56eafdb5d90d
[INFO] El lanzamiento b72907a5-d72f-46c4-bc68-56eafdb5d90d es una recopilación tipo Album
[INFO] Revisando url correspondiente
[INFO] La recopilación tipo Album tiene 11 canciones
[INFO] [18/99] Procesando lanzamiento id=670e06e5-9531-4f16-8b03-a1bc4229fa51
[INFO] El lanzamiento 670e06e5-9531-4f16-8b03-a1bc4229fa51 es una recopilación tipo Album
[INFO] Revisando url correspondiente
[INFO] La recopilación tipo Album tiene 14 canciones
[INFO] [19/99] Procesando lanzamiento id=d0f781c0-3964-467c-950f-634ee17c6f49
[INFO] El lanzamiento d0f781c0-3964-467c-950f-634ee17c6f49 es una recopilación tipo Album
[INFO] Revisando url correspondiente
[INFO] La recopilación tipo Album tiene 9 canciones
[INFO] [20/99] Procesando lanzamiento id=1b55255d-998c-4c85-ad2b-bc85e6690f5f
[INFO] El lanzamiento 1b55255d-998c-4c85-ad2b-bc85e6690f5f es una recopilación tipo Album
[INFO] Revisando url correspondiente
[INFO] La recopilación tipo Album tiene 16 canciones
[INFO] [21/99] Procesando lanzamiento id=5b4b0f49-e575-40b2-a509-197b5423f4c5
[INFO] El lanzamiento 5b4b0f49-e575-40b2-a509-197b5423f4c5 es una recopilación tipo Album
[INFO] Revisando url correspondiente
[INFO] La recopilación tipo Album tiene 12 canciones
[INFO] [22/99] Procesando lanzamiento id=95769f39-2c3c-420a-8d37-3241684394e6
[INFO] El lanzamiento 95769f39-2c3c-420a-8d37-3241684394e6 es una recopilación tipo Album
[INFO] Revisando url correspondiente
[INFO] La recopilación tipo Album tiene 12 canciones
[INFO] [23/99] Procesando lanzamiento id=c98581d5-71d5-40c3-a502-1e227b09dee3
[INFO] El lanzamiento c98581d5-71d5-40c3-a502-1e227b09dee3 es una recopilación tipo Album
[INFO] Revisando url correspondiente
[INFO] La recopilación tipo Album tiene 11 canciones
[INFO] [24/99] Procesando lanzamiento id=620558c5-112f-4f6b-bdb3-12c44bd3b676
[INFO] El lanzamiento 620558c5-112f-4f6b-bdb3-12c44bd3b676 es una recopilación tipo Album
[INFO] Revisando url correspondiente
[INFO] La recopilación tipo Album tiene 9 canciones
[INFO] [25/99] Procesando lanzamiento id=9bfbbc50-88a5-4571-b6fc-4718c872ca0e
[INFO] El lanzamiento 9bfbbc50-88a5-4571-b6fc-4718c872ca0e es una recopilación tipo Album
[INFO] Revisando url correspondiente
[INFO] La recopilación tipo Album tiene 10 canciones
[INFO] [26/99] Procesando lanzamiento id=3b7934c2-7ca9-4423-a5c2-5f7220151457
[INFO] El lanzamiento 3b7934c2-7ca9-4423-a5c2-5f7220151457 es una recopilación tipo Album
[INFO] Revisando url correspondiente
[INFO] La recopilación tipo Album tiene 15 canciones
[INFO] [27/99] Procesando lanzamiento id=926b6b77-44ef-46c6-ad17-41411013af29
[INFO] El lanzamiento 926b6b77-44ef-46c6-ad17-41411013af29 es una recopilación tipo Album
[INFO] Revisando url correspondiente
[INFO] La recopilación tipo Album tiene 22 canciones
[INFO] [28/99] Procesando lanzamiento id=1dcd755d-a01a-47e2-862a-7a26686e4c77
[INFO] El lanzamiento 1dcd755d-a01a-47e2-862a-7a26686e4c77 es una recopilación tipo Album
[INFO] Revisando url correspondiente
[INFO] La recopilación tipo Album tiene 16 canciones
[INFO] [29/99] Procesando lanzamiento id=fa0eeda8-0030-41b5-a752-86e1fc9158c1
[INFO] El lanzamiento fa0eeda8-0030-41b5-a752-86e1fc9158c1 es una recopilación tipo Album
[INFO] Revisando url correspondiente
[INFO] La recopilación tipo Album tiene 11 canciones
[INFO] [30/99] Procesando lanzamiento id=b004e344-ffb4-47e0-95d2-69285a2ee750
[INFO] El lanzamiento b004e344-ffb4-47e0-95d2-69285a2ee750 es una recopilación tipo Album
[INFO] Revisando url correspondiente
[INFO] La recopilación tipo Album tiene 12 canciones
[INFO] [31/99] Procesando lanzamiento id=4c610952-8b47-45d1-83d0-b786ae4a6309
[INFO] El lanzamiento 4c610952-8b47-45d1-83d0-b786ae4a6309 es una recopilación tipo Album
[INFO] Revisando url correspondiente
[INFO] La recopilación tipo Album tiene 15 canciones
[INFO] [32/99] Procesando lanzamiento id=0111cfab-988b-49b2-b2db-6ceb786c5bc3
[INFO] El lanzamiento 0111cfab-988b-49b2-b2db-6ceb786c5bc3 es una recopilación tipo Album
[INFO] Revisando url correspondiente
[INFO] La recopilación tipo Album tiene 16 canciones
[INFO] [33/99] Procesando lanzamiento id=cb84f290-d064-4405-bdd6-82306dd0589a
[INFO] El lanzamiento cb84f290-d064-4405-bdd6-82306dd0589a es una recopilación tipo Album
[INFO] Revisando url correspondiente
[INFO] La recopilación tipo Album tiene 13 canciones
[INFO] [34/99] Procesando lanzamiento id=d9f173b0-ce81-4ec4-94c4-72198ac7954d
[INFO] El lanzamiento d9f173b0-ce81-4ec4-94c4-72198ac7954d es una recopilación tipo Album
[INFO] Revisando url correspondiente
[INFO] La recopilación tipo Album tiene 11 canciones
[INFO] [35/99] Procesando lanzamiento id=388bc15d-7640-4ccb-b5d1-00a248f54ea2
[INFO] El lanzamiento 388bc15d-7640-4ccb-b5d1-00a248f54ea2 es una recopilación tipo Album
[INFO] Revisando url correspondiente
[INFO] La recopilación tipo Album tiene 10 canciones
[INFO] [36/99] Procesando lanzamiento id=1bb750fc-ad50-4405-86e0-ae78384fa521
[INFO] El lanzamiento 1bb750fc-ad50-4405-86e0-ae78384fa521 es una recopilación tipo Album
[INFO] Revisando url correspondiente
[INFO] La recopilación tipo Album tiene 10 canciones
[INFO] [37/99] Procesando lanzamiento id=64b568c6-d631-4b52-a1bc-f5507cecbc9f
[INFO] El lanzamiento 64b568c6-d631-4b52-a1bc-f5507cecbc9f es una recopilación tipo Album
[INFO] Revisando url correspondiente
[INFO] La recopilación tipo Album tiene 14 canciones
[INFO] [38/99] Procesando lanzamiento id=913e48cb-70a7-4d61-b485-99a531e85c5d
[INFO] El lanzamiento 913e48cb-70a7-4d61-b485-99a531e85c5d es una recopilación tipo Album
[INFO] Revisando url correspondiente
[INFO] La recopilación tipo Album tiene 13 canciones
[INFO] [39/99] Procesando lanzamiento id=3e624688-4c63-4279-8f72-50606066c2ad
[INFO] El lanzamiento 3e624688-4c63-4279-8f72-50606066c2ad es una recopilación tipo Album
[INFO] Revisando url correspondiente
[INFO] La recopilación tipo Album tiene 14 canciones
[INFO] [40/99] Procesando lanzamiento id=0835d5b3-821e-4ec4-84ad-2a81435da88f
[INFO] El lanzamiento 0835d5b3-821e-4ec4-84ad-2a81435da88f es una recopilación tipo Album
[INFO] Revisando url correspondiente
[INFO] La recopilación tipo Album tiene 16 canciones
[INFO] [41/99] Procesando lanzamiento id=64c710a1-306d-464b-a6c4-39762408f563
[WARNING] Se omite id=64c710a1-306d-464b-a6c4-39762408f563 porque es Single
[INFO] [42/99] Procesando lanzamiento id=d32acd4b-3d4c-412c-b5ee-d75a0d219982
[INFO] El lanzamiento d32acd4b-3d4c-412c-b5ee-d75a0d219982 es una recopilación tipo Album
[INFO] Revisando url correspondiente
[INFO] La recopilación tipo Album tiene 12 canciones
[INFO] [43/99] Procesando lanzamiento id=68f2a489-2b9c-49a3-a660-2c11215df8ba
[WARNING] Se omite id=68f2a489-2b9c-49a3-a660-2c11215df8ba porque es Single
[INFO] [44/99] Procesando lanzamiento id=38afa6ee-1e71-4b31-b2bc-28f09ca8e7f6
[INFO] El lanzamiento 38afa6ee-1e71-4b31-b2bc-28f09ca8e7f6 es una recopilación tipo Album
[INFO] Revisando url correspondiente
[INFO] La recopilación tipo Album tiene 14 canciones
[INFO] [45/99] Procesando lanzamiento id=588a223c-e421-4476-b590-1a578de8b3bb
[WARNING] Se omite id=588a223c-e421-4476-b590-1a578de8b3bb porque es Single
[INFO] [46/99] Procesando lanzamiento id=af0a31ca-4e86-4606-aefc-ccc5f3bfbf8a
[INFO] El lanzamiento af0a31ca-4e86-4606-aefc-ccc5f3bfbf8a es una recopilación tipo Album
[INFO] Revisando url correspondiente
[INFO] La recopilación tipo Album tiene 14 canciones
[INFO] [47/99] Procesando lanzamiento id=f9b46275-88fd-41d9-bce5-5f4d9b49ec63
[INFO] El lanzamiento f9b46275-88fd-41d9-bce5-5f4d9b49ec63 es una recopilación tipo Album
[INFO] Revisando url correspondiente
[INFO] La recopilación tipo Album tiene 10 canciones
[INFO] [48/99] Procesando lanzamiento id=3a5e40f9-a45b-40cd-8ec2-6ea7d931377c
[WARNING] Se omite id=3a5e40f9-a45b-40cd-8ec2-6ea7d931377c porque es Single
[INFO] [49/99] Procesando lanzamiento id=137d40db-124c-488f-8152-c50fbd3501d9
[INFO] El lanzamiento 137d40db-124c-488f-8152-c50fbd3501d9 es una recopilación tipo Album
[INFO] Revisando url correspondiente
[INFO] La recopilación tipo Album tiene 23 canciones
[INFO] [50/99] Procesando lanzamiento id=db5150c3-c421-42c1-8087-bea3e619e396
[INFO] El lanzamiento db5150c3-c421-42c1-8087-bea3e619e396 es una recopilación tipo Album
[INFO] Revisando url correspondiente
[INFO] La recopilación tipo Album tiene 17 canciones
[INFO] [51/99] Procesando lanzamiento id=848caf52-3572-4922-8449-4fb33a05da49
[INFO] El lanzamiento 848caf52-3572-4922-8449-4fb33a05da49 es una recopilación tipo Album
[INFO] Revisando url correspondiente
[INFO] La recopilación tipo Album tiene 18 canciones
[INFO] [52/99] Procesando lanzamiento id=3fae5460-605b-4ad9-8115-09e12515586c
[INFO] El lanzamiento 3fae5460-605b-4ad9-8115-09e12515586c es una recopilación tipo Album
[INFO] Revisando url correspondiente
[INFO] La recopilación tipo Album tiene 13 canciones
[INFO] [53/99] Procesando lanzamiento id=7e5ac50c-3d84-465a-a573-e8b9e6920094
[WARNING] Se omite id=7e5ac50c-3d84-465a-a573-e8b9e6920094 porque es Single
[INFO] [54/99] Procesando lanzamiento id=d7703420-1dbe-4a77-8f79-3f56122adb0c
[WARNING] Se omite id=d7703420-1dbe-4a77-8f79-3f56122adb0c porque es Single
[INFO] [55/99] Procesando lanzamiento id=a8be7b3e-f545-44b7-809a-46c485cf240e
[WARNING] Se omite id=a8be7b3e-f545-44b7-809a-46c485cf240e porque es Single
[INFO] [56/99] Procesando lanzamiento id=49ec3c21-98f4-44ff-ba40-360c932d838d
[WARNING] Se omite id=49ec3c21-98f4-44ff-ba40-360c932d838d porque es Single
[INFO] [57/99] Procesando lanzamiento id=d6f1227e-d294-4bfa-88aa-b7c4a6f53c07
[WARNING] Se omite id=d6f1227e-d294-4bfa-88aa-b7c4a6f53c07 porque es Single
[INFO] [58/99] Procesando lanzamiento id=3023043c-d2fb-4ee2-b44e-8373c2dc0a84
[WARNING] Se omite id=3023043c-d2fb-4ee2-b44e-8373c2dc0a84 porque es Single
[INFO] [59/99] Procesando lanzamiento id=cf08919a-373f-4e9c-ab30-f2ba10415432
[INFO] El lanzamiento cf08919a-373f-4e9c-ab30-f2ba10415432 es una recopilación tipo Album
[INFO] Revisando url correspondiente
[INFO] La recopilación tipo Album tiene 10 canciones
[INFO] [60/99] Procesando lanzamiento id=3fa34edf-cad7-42c0-ac48-e48708335bc6
[INFO] El lanzamiento 3fa34edf-cad7-42c0-ac48-e48708335bc6 es una recopilación tipo Album
[INFO] Revisando url correspondiente
[INFO] La recopilación tipo Album tiene 13 canciones
[INFO] [61/99] Procesando lanzamiento id=842304dd-84d8-40b8-8d28-a19ac1186bf0
[WARNING] Se omite id=842304dd-84d8-40b8-8d28-a19ac1186bf0 porque es Single
[INFO] [62/99] Procesando lanzamiento id=4bca8ffe-7b0a-4819-a6fd-45deb955c78d
[WARNING] Se omite id=4bca8ffe-7b0a-4819-a6fd-45deb955c78d porque es Single
[INFO] [63/99] Procesando lanzamiento id=653c709d-f158-4231-af9c-71d61a5b8709
[INFO] El lanzamiento 653c709d-f158-4231-af9c-71d61a5b8709 es una recopilación tipo Album
[INFO] Revisando url correspondiente
[INFO] La recopilación tipo Album tiene 15 canciones
[INFO] [64/99] Procesando lanzamiento id=76b6cff3-ba8d-43a0-a13b-9e5f7ccb7499
[WARNING] Se omite id=76b6cff3-ba8d-43a0-a13b-9e5f7ccb7499 porque es Single
[INFO] [65/99] Procesando lanzamiento id=6bbeb43c-e1a8-4d25-8fe9-3ba2f2e907fe
[INFO] El lanzamiento 6bbeb43c-e1a8-4d25-8fe9-3ba2f2e907fe es una recopilación tipo Album
[INFO] Revisando url correspondiente
[INFO] La recopilación tipo Album tiene 14 canciones
[INFO] [66/99] Procesando lanzamiento id=25c176be-fbf9-4ac2-aa15-7fcb85725788
[WARNING] Se omite id=25c176be-fbf9-4ac2-aa15-7fcb85725788 porque es Single
[INFO] [67/99] Procesando lanzamiento id=e95ee38c-2e14-4541-859a-5944d3061e75
[WARNING] Se omite id=e95ee38c-2e14-4541-859a-5944d3061e75 porque es Single
[INFO] [68/99] Procesando lanzamiento id=3f48c020-29ec-43b0-a807-5d976fac186c
[INFO] El lanzamiento 3f48c020-29ec-43b0-a807-5d976fac186c es una recopilación tipo EP
[INFO] Revisando url correspondiente
[INFO] La recopilación tipo EP tiene 5 canciones
[INFO] [69/99] Procesando lanzamiento id=3742b021-380f-4e67-b8e3-200e19d5a73e
[WARNING] Se omite id=3742b021-380f-4e67-b8e3-200e19d5a73e porque es Single
[INFO] [70/99] Procesando lanzamiento id=7259e7de-7e29-40f2-bd11-ae604491e690
[WARNING] Se omite id=7259e7de-7e29-40f2-bd11-ae604491e690 porque es Single
[INFO] [71/99] Procesando lanzamiento id=1d586381-a028-4a52-a21e-f7a4a0278ee5
[INFO] El lanzamiento 1d586381-a028-4a52-a21e-f7a4a0278ee5 es una recopilación tipo Album
[INFO] Revisando url correspondiente
[INFO] La recopilación tipo Album tiene 10 canciones
[INFO] [72/99] Procesando lanzamiento id=3da3f154-8959-4010-ac74-3e8082939969
[WARNING] Se omite id=3da3f154-8959-4010-ac74-3e8082939969 porque es Single
[INFO] [73/99] Procesando lanzamiento id=da2cc25f-a954-483b-a476-94805f450c48
[WARNING] Se omite id=da2cc25f-a954-483b-a476-94805f450c48 porque es Single
[INFO] [74/99] Procesando lanzamiento id=bce9f979-6914-4b98-8d18-9a317f75d570
[INFO] El lanzamiento bce9f979-6914-4b98-8d18-9a317f75d570 es una recopilación tipo Album
[INFO] Revisando url correspondiente
[INFO] La recopilación tipo Album tiene 20 canciones
[INFO] [75/99] Procesando lanzamiento id=d9f5fc81-3b89-4516-8e44-9461209ff0e8
[WARNING] Se omite id=d9f5fc81-3b89-4516-8e44-9461209ff0e8 porque es Single
[INFO] [76/99] Procesando lanzamiento id=a810653b-e11e-4998-b152-cbabb1d24766
[WARNING] Se omite id=a810653b-e11e-4998-b152-cbabb1d24766 porque es Single
[INFO] [77/99] Procesando lanzamiento id=56a133c5-964e-457e-a31f-e80a77bd582b
[WARNING] Se omite id=56a133c5-964e-457e-a31f-e80a77bd582b porque es Single
[INFO] [78/99] Procesando lanzamiento id=104bb2b8-e56a-48be-9979-0fa2e6736e38
[WARNING] Se omite id=104bb2b8-e56a-48be-9979-0fa2e6736e38 porque es Single
[INFO] [79/99] Procesando lanzamiento id=009fb13c-9cd7-4bfe-a956-535f8a55ac44
[WARNING] Se omite id=009fb13c-9cd7-4bfe-a956-535f8a55ac44 porque es Single
[INFO] [80/99] Procesando lanzamiento id=1cce3528-a8d1-4fde-be21-71354f1b4612
[WARNING] Se omite id=1cce3528-a8d1-4fde-be21-71354f1b4612 porque es Single
[INFO] [81/99] Procesando lanzamiento id=27ddbc07-8c85-473a-9aed-ca97d7f6f4bc
[WARNING] Se omite id=27ddbc07-8c85-473a-9aed-ca97d7f6f4bc porque es Single
[INFO] [82/99] Procesando lanzamiento id=857ffcfc-e0d4-4e9f-a08a-66886147c7b3
[WARNING] Se omite id=857ffcfc-e0d4-4e9f-a08a-66886147c7b3 porque es Single
[INFO] [83/99] Procesando lanzamiento id=3934f0e6-7e23-440f-af75-62a3ae253f7e
[INFO] El lanzamiento 3934f0e6-7e23-440f-af75-62a3ae253f7e es una recopilación tipo Album
[INFO] Revisando url correspondiente
[INFO] La recopilación tipo Album tiene 11 canciones
[INFO] [84/99] Procesando lanzamiento id=c2d3ee5a-1d12-441c-8b75-7f884ca3c894
[INFO] El lanzamiento c2d3ee5a-1d12-441c-8b75-7f884ca3c894 es una recopilación tipo Album
[INFO] Revisando url correspondiente
[INFO] La recopilación tipo Album tiene 21 canciones
[INFO] [85/99] Procesando lanzamiento id=41713e2d-e0e6-4e1e-b30f-6aa2daa5991e
[WARNING] Se omite id=41713e2d-e0e6-4e1e-b30f-6aa2daa5991e porque es Single
[INFO] [86/99] Procesando lanzamiento id=45e8b7ac-2891-4ac2-a2c5-e90a1c27be20
[WARNING] Se omite id=45e8b7ac-2891-4ac2-a2c5-e90a1c27be20 porque es Single
[INFO] [87/99] Procesando lanzamiento id=b82e4898-b839-4953-a932-adb659fd9d31
[WARNING] Se omite id=b82e4898-b839-4953-a932-adb659fd9d31 porque es Single
[INFO] [88/99] Procesando lanzamiento id=7f0517d9-4218-4fdc-a2a1-5d3c1acd86fc
[WARNING] Se omite id=7f0517d9-4218-4fdc-a2a1-5d3c1acd86fc porque es Single
[INFO] [89/99] Procesando lanzamiento id=bff62744-7e64-499c-b4c8-59cf966ccfbd
[WARNING] Se omite id=bff62744-7e64-499c-b4c8-59cf966ccfbd porque es Single
[INFO] [90/99] Procesando lanzamiento id=d3d7ae96-04e7-457b-a2d7-afd4ac4a84ab
[INFO] El lanzamiento d3d7ae96-04e7-457b-a2d7-afd4ac4a84ab es una recopilación tipo EP
[INFO] Revisando url correspondiente
[INFO] La recopilación tipo EP tiene 4 canciones
[INFO] [91/99] Procesando lanzamiento id=3d31d37e-21b1-466f-ae1a-b37b2f291b42
[WARNING] Se omite id=3d31d37e-21b1-466f-ae1a-b37b2f291b42 porque es Single
[INFO] [92/99] Procesando lanzamiento id=fb585024-d7ea-4a25-9efa-aa3562e5ebcf
[WARNING] Se omite id=fb585024-d7ea-4a25-9efa-aa3562e5ebcf porque es Single
[INFO] [93/99] Procesando lanzamiento id=e639c9ef-1c08-4e64-b361-b59ffda522ac
[WARNING] Se omite id=e639c9ef-1c08-4e64-b361-b59ffda522ac porque es Single
[INFO] [94/99] Procesando lanzamiento id=c3f4077f-52fe-458a-ad51-73e4fdfc67e6
[INFO] El lanzamiento c3f4077f-52fe-458a-ad51-73e4fdfc67e6 es una recopilación tipo Album
[INFO] Revisando url correspondiente
[INFO] La recopilación tipo Album tiene 14 canciones
[INFO] [95/99] Procesando lanzamiento id=dbbef1a5-89d6-45ad-bc4b-d0c43b2ea124
[INFO] El lanzamiento dbbef1a5-89d6-45ad-bc4b-d0c43b2ea124 es una recopilación tipo Album
[INFO] Revisando url correspondiente
[INFO] La recopilación tipo Album tiene 13 canciones
[INFO] [96/99] Procesando lanzamiento id=286f5df0-70c6-49d3-8303-5086820bf989
[INFO] El lanzamiento 286f5df0-70c6-49d3-8303-5086820bf989 es una recopilación tipo Album
[INFO] Revisando url correspondiente
[INFO] La recopilación tipo Album tiene 10 canciones
[INFO] [97/99] Procesando lanzamiento id=2202507c-3578-461e-a4ed-1b44b0eb8b3b
[WARNING] Se omite id=2202507c-3578-461e-a4ed-1b44b0eb8b3b porque es Single
[INFO] [98/99] Procesando lanzamiento id=6659364a-2e9d-42b0-b7cf-0b0b72add5f0
[INFO] El lanzamiento 6659364a-2e9d-42b0-b7cf-0b0b72add5f0 es una recopilación tipo Album
[INFO] Revisando url correspondiente
[INFO] La recopilación tipo Album tiene 13 canciones
[INFO] [99/99] Procesando lanzamiento id=3f702865-b089-44ce-a20b-1808d303cf43
[WARNING] Se omite id=3f702865-b089-44ce-a20b-1808d303cf43 porque es Single
[INFO] Archivo generado correctamente
[INFO] Pipeline finalizado
