\BOOKMARK [0][-]{chapter.1}{\376\377\000D\000e\000f\000i\000n\000i\000c\000i\000o\000n\000e\000s}{}% 1
\BOOKMARK [1][-]{section.1.1}{\376\377\000G\000i\000t}{chapter.1}% 2
\BOOKMARK [1][-]{section.1.2}{\376\377\000G\000i\000t\000H\000u\000b}{chapter.1}% 3
\BOOKMARK [1][-]{section.1.3}{\376\377\000R\000e\000p\000o\000s\000i\000t\000o\000r\000i\000o\000\040\000\050\000r\000e\000p\000o\000\051}{chapter.1}% 4
\BOOKMARK [1][-]{section.1.4}{\376\377\000C\000o\000m\000m\000i\000t}{chapter.1}% 5
\BOOKMARK [1][-]{section.1.5}{\376\377\000R\000a\000m\000a\000s\000\040\000\050\000b\000r\000a\000n\000c\000h\000e\000s\000\051}{chapter.1}% 6
\BOOKMARK [2][-]{subsection.1.5.1}{\376\377\000R\000a\000m\000a\000\040\000p\000r\000i\000n\000c\000i\000p\000a\000l\000\040\000\050\000m\000a\000i\000n\000\040\000o\000\040\000m\000a\000s\000t\000e\000r\000\051}{section.1.5}% 7
\BOOKMARK [2][-]{subsection.1.5.2}{\376\377\000R\000a\000m\000a\000s\000\040\000s\000e\000c\000u\000n\000d\000a\000r\000i\000a\000s}{section.1.5}% 8
\BOOKMARK [1][-]{section.1.6}{\376\377\000C\000l\000o\000n\000a\000r\000\040\000\050\000c\000l\000o\000n\000e\000\051}{chapter.1}% 9
\BOOKMARK [1][-]{section.1.7}{\376\377\000P\000u\000l\000l}{chapter.1}% 10
\BOOKMARK [1][-]{section.1.8}{\376\377\000P\000u\000s\000h}{chapter.1}% 11
\BOOKMARK [1][-]{section.1.9}{\376\377\000C\000l\000a\000v\000e\000\040\000S\000S\000H}{chapter.1}% 12
\BOOKMARK [1][-]{section.1.10}{\376\377\000A\000r\000c\000h\000i\000v\000o\000\040\000.\000m\000d}{chapter.1}% 13
\BOOKMARK [1][-]{section.1.11}{\376\377\000S\000i\000n\000t\000a\000x\000i\000s\000\040\000d\000e\000\040\000M\000a\000r\000k\000d\000o\000w\000n}{chapter.1}% 14
\BOOKMARK [0][-]{chapter.2}{\376\377\000C\000o\000m\000a\000n\000d\000o\000s}{}% 15
\BOOKMARK [1][-]{section.2.1}{\376\377\000N\000a\000v\000e\000g\000a\000c\000i\000\363\000n\000\040\000y\000\040\000m\000a\000n\000e\000j\000o\000\040\000d\000e\000\040\000a\000r\000c\000h\000i\000v\000o\000s\000.}{chapter.2}% 16
\BOOKMARK [1][-]{section.2.2}{\376\377\000M\000a\000n\000e\000j\000o\000\040\000d\000e\000\040\000r\000e\000p\000o\000s\000i\000t\000o\000r\000i\000o\000s\000\040\000d\000e\000\040\000G\000i\000t\000H\000u\000b\000.}{chapter.2}% 17
\BOOKMARK [0][-]{chapter.3}{\376\377\000P\000a\000r\000a\000\040\000a\000c\000c\000e\000d\000e\000r\000\040\000a\000\040\000l\000o\000s\000\040\000r\000e\000p\000o\000s\000i\000t\000o\000r\000i\000o\000s\000.}{}% 18
\BOOKMARK [1][-]{section.3.1}{\376\377\000A\000n\000t\000e\000s\000\040\000d\000e\000\040\000a\000c\000c\000e\000d\000e\000r\000.}{chapter.3}% 19
\BOOKMARK [1][-]{section.3.2}{\376\377\000P\000a\000r\000a\000\040\000c\000l\000o\000n\000a\000r\000\040\000e\000l\000\040\000r\000e\000p\000o\000s\000i\000t\000o\000r\000i\000o\000.}{chapter.3}% 20
