\BOOKMARK [0][-]{chapter.1}{\376\377\000P\000r\000e\000l\000i\000m\000i\000n\000a\000r\000e\000s}{}% 1
\BOOKMARK [1][-]{section.1.1}{\376\377\000I\000n\000t\000r\000o\000d\000u\000c\000c\000i\000\363\000n}{chapter.1}% 2
\BOOKMARK [2][-]{subsection.1.1.1}{\376\377\000E\000n\000t\000o\000r\000n\000o\000\040\000c\000o\000m\000p\000u\000t\000a\000c\000i\000o\000n\000a\000l\000\040\000y\000\040\000v\000a\000l\000i\000d\000a\000c\000i\000\363\000n\000\040\000d\000e\000\040\000p\000r\000o\000g\000r\000a\000m\000a\000s}{section.1.1}% 3
\BOOKMARK [2][-]{subsection.1.1.2}{\376\377\000C\000o\000m\000p\000a\000t\000i\000b\000i\000l\000i\000d\000a\000d\000\040\000c\000o\000n\000\040\000l\000a\000\040\000P\000r\000i\000m\000e\000r\000a\000\040\000E\000d\000i\000c\000i\000\363\000n}{section.1.1}% 4
\BOOKMARK [2][-]{subsection.1.1.3}{\376\377\000A\000c\000e\000r\000c\000a\000\040\000d\000e\000\040\000l\000a\000s\000\040\000r\000e\000f\000e\000r\000e\000n\000c\000i\000a\000s}{section.1.1}% 5
\BOOKMARK [1][-]{section.1.2}{\376\377\000O\000r\000g\000a\000n\000i\000z\000a\000c\000i\000\363\000n\000\040\000d\000e\000\040\000p\000r\000o\000g\000r\000a\000m\000a\000s\000\040\000y\000\040\000e\000s\000t\000r\000u\000c\000t\000u\000r\000a\000s\000\040\000d\000e\000\040\000c\000o\000n\000t\000r\000o\000l}{chapter.1}% 6
\BOOKMARK [2][-]{subsection.1.2.1}{\376\377\000E\000s\000t\000r\000u\000c\000t\000u\000r\000a\000s\000\040\000d\000e\000\040\000c\000o\000n\000t\000r\000o\000l}{section.1.2}% 7
\BOOKMARK [1][-]{section.1.3}{\376\377\000A\000l\000g\000u\000n\000a\000s\000\040\000c\000o\000n\000v\000e\000n\000c\000i\000o\000n\000e\000s\000\040\000d\000e\000\040\000C\000\040\000p\000a\000r\000a\000\040\000l\000a\000\040\000c\000o\000m\000p\000u\000t\000a\000c\000i\000\363\000n\000\040\000c\000i\000e\000n\000t\000\355\000f\000i\000c\000a}{chapter.1}% 8
\BOOKMARK [1][-]{section.1.4}{\376\377\000E\000r\000r\000o\000r\000,\000\040\000p\000r\000e\000c\000i\000s\000i\000\363\000n\000\040\000y\000\040\000e\000s\000t\000a\000b\000i\000l\000i\000d\000a\000d}{chapter.1}% 9
\BOOKMARK [0][-]{chapter.2}{\376\377\000S\000o\000l\000u\000c\000i\000\363\000n\000\040\000d\000e\000\040\000e\000c\000u\000a\000c\000i\000o\000n\000e\000s\000\040\000a\000l\000g\000e\000b\000r\000a\000i\000c\000a\000s\000\040\000l\000i\000n\000e\000a\000l\000e\000s}{}% 10
\BOOKMARK [1][-]{section.2.1}{\376\377\000I\000n\000t\000r\000o\000d\000u\000c\000c\000i\000\363\000n}{chapter.2}% 11
\BOOKMARK [1][-]{section.2.2}{\376\377\000C\000o\000n\000j\000u\000n\000t\000o\000s\000\040\000d\000e\000\040\000e\000c\000u\000a\000c\000i\000o\000n\000e\000s\000\040\000n\000o\000\040\000s\000i\000n\000g\000u\000l\000a\000r\000e\000s\000\040\000v\000e\000r\000s\000u\000s\000\040\000s\000i\000n\000g\000u\000l\000a\000r\000e\000s}{chapter.2}% 12
\BOOKMARK [1][-]{section.2.3}{\376\377\000T\000a\000r\000e\000a\000s\000\040\000d\000e\000l\000\040\000\341\000l\000g\000e\000b\000r\000a\000\040\000l\000i\000n\000e\000a\000l\000\040\000c\000o\000m\000p\000u\000t\000a\000c\000i\000o\000n\000a\000l}{chapter.2}% 13
\BOOKMARK [1][-]{section.2.4}{\376\377\000M\000a\000t\000r\000i\000c\000e\000s\000\040\000d\000e\000\040\000V\000a\000n\000d\000e\000r\000m\000o\000n\000d\000e\000\040\000y\000\040\000M\000a\000t\000r\000i\000c\000e\000s\000\040\000d\000e\000\040\000T\000o\000e\000p\000l\000i\000t\000z}{chapter.2}% 14
\BOOKMARK [2][-]{subsection.2.4.1}{\376\377\000M\000a\000t\000r\000i\000c\000e\000s\000\040\000d\000e\000\040\000V\000a\000n\000d\000e\000r\000m\000o\000n\000d\000e}{section.2.4}% 15
\BOOKMARK [2][-]{subsection.2.4.2}{\376\377\000M\000a\000t\000r\000i\000c\000e\000s\000\040\000d\000e\000\040\000T\000o\000e\000p\000l\000i\000t\000z}{section.2.4}% 16
\BOOKMARK [0][-]{chapter.3}{\376\377\000I\000n\000t\000e\000r\000p\000o\000l\000a\000c\000i\000\363\000n\000\040\000y\000\040\000e\000x\000t\000r\000a\000p\000o\000l\000a\000c\000i\000\363\000n}{}% 17
\BOOKMARK [1][-]{section.3.1}{\376\377\000I\000n\000t\000r\000o\000d\000u\000c\000c\000i\000\363\000n}{chapter.3}% 18
\BOOKMARK [1][-]{section.3.2}{\376\377\000I\000n\000t\000e\000r\000p\000o\000l\000a\000c\000i\000\363\000n\000\040\000y\000\040\000E\000x\000t\000r\000a\000p\000o\000l\000a\000c\000i\000\363\000n\000\040\000P\000o\000l\000i\000n\000o\000m\000i\000a\000l}{chapter.3}% 19
\BOOKMARK [1][-]{section.3.3}{\376\377\000I\000n\000t\000e\000r\000p\000o\000l\000a\000c\000i\000\363\000n\000\040\000y\000\040\000E\000x\000t\000r\000a\000p\000o\000l\000a\000c\000i\000\363\000n\000\040\000c\000o\000n\000\040\000F\000u\000n\000c\000i\000o\000n\000e\000s\000\040\000R\000a\000c\000i\000o\000n\000a\000l\000e\000s}{chapter.3}% 20
\BOOKMARK [1][-]{section.3.4}{\376\377\000I\000n\000t\000e\000r\000p\000o\000l\000a\000c\000i\000\363\000n\000\040\000p\000o\000r\000\040\000S\000p\000l\000i\000n\000e\000s\000\040\000C\000\372\000b\000i\000c\000o\000s}{chapter.3}% 21
\BOOKMARK [1][-]{section.3.5}{\376\377\000C\000\363\000m\000o\000\040\000b\000u\000s\000c\000a\000r\000\040\000e\000n\000\040\000u\000n\000a\000\040\000t\000a\000b\000l\000a\000\040\000o\000r\000d\000e\000n\000a\000d\000a}{chapter.3}% 22
\BOOKMARK [2][-]{subsection.3.5.1}{\376\377\000B\000\372\000s\000q\000u\000e\000d\000a\000\040\000c\000o\000n\000\040\000v\000a\000l\000o\000r\000e\000s\000\040\000c\000o\000r\000r\000e\000l\000a\000c\000i\000o\000n\000a\000d\000o\000s}{section.3.5}% 23
\BOOKMARK [2][-]{subsection.3.5.2}{\376\377\000C\000o\000e\000f\000i\000c\000i\000e\000n\000t\000e\000s\000\040\000d\000e\000l\000\040\000P\000o\000l\000i\000n\000o\000m\000i\000o\000\040\000I\000n\000t\000e\000r\000p\000o\000l\000a\000d\000o\000r}{section.3.5}% 24
\BOOKMARK [2][-]{subsection.3.5.3}{\376\377\000O\000t\000r\000o\000\040\000M\000\351\000t\000o\000d\000o}{section.3.5}% 25
\BOOKMARK [2][-]{subsection.3.5.4}{\376\377\000I\000n\000t\000e\000r\000p\000o\000l\000a\000c\000i\000\363\000n\000\040\000e\000n\000\040\000d\000o\000s\000\040\000o\000\040\000m\000\341\000s\000\040\000d\000i\000m\000e\000n\000s\000i\000o\000n\000e\000s}{section.3.5}% 26
\BOOKMARK [2][-]{subsection.3.5.5}{\376\377\000O\000r\000d\000e\000n\000\040\000s\000u\000p\000e\000r\000i\000o\000r\000\040\000p\000a\000r\000a\000\040\000m\000a\000y\000o\000r\000\040\000p\000r\000e\000c\000i\000s\000i\000\363\000n}{section.3.5}% 27
\BOOKMARK [2][-]{subsection.3.5.6}{\376\377\000O\000r\000d\000e\000n\000\040\000S\000u\000p\000e\000r\000i\000o\000r\000\040\000p\000a\000r\000a\000\040\000S\000u\000a\000v\000i\000d\000a\000d\000:\000\040\000I\000n\000t\000e\000r\000p\000o\000l\000a\000c\000i\000\363\000n\000\040\000B\000i\000c\000\372\000b\000i\000c\000a}{section.3.5}% 28
\BOOKMARK [2][-]{subsection.3.5.7}{\376\377\000M\000a\000y\000o\000r\000\040\000o\000r\000d\000e\000n\000\040\000p\000a\000r\000a\000\040\000s\000u\000a\000v\000i\000d\000a\000d\000:\000\040\000S\000p\000l\000i\000n\000e\000\040\000B\000i\000c\000\372\000b\000i\000c\000o}{section.3.5}% 29
\BOOKMARK [0][-]{chapter.4}{\376\377\000M\000o\000d\000e\000l\000a\000d\000o\000\040\000d\000e\000\040\000D\000a\000t\000o\000s}{}% 30
\BOOKMARK [1][-]{section.4.1}{\376\377\000I\000n\000t\000r\000o\000d\000u\000c\000c\000i\000\363\000n}{chapter.4}% 31
\BOOKMARK [1][-]{section.4.2}{\376\377\000M\000\355\000n\000i\000m\000o\000s\000\040\000C\000u\000a\000d\000r\000a\000d\000o\000s\000\040\000c\000o\000m\000o\000\040\000u\000n\000\040\000E\000s\000t\000i\000m\000a\000d\000o\000r\000\040\000d\000e\000\040\000M\000\341\000x\000i\000m\000a\000\040\000V\000e\000r\000o\000s\000i\000m\000i\000l\000i\000t\000u\000d}{chapter.4}% 32
\BOOKMARK [2][-]{subsection.4.2.1}{\376\377\000A\000j\000u\000s\000t\000e\000\040\000p\000o\000r\000\040\000C\000h\000i\000-\000C\000u\000a\000d\000r\000a\000d\000a}{section.4.2}% 33
\BOOKMARK [1][-]{section.4.3}{\376\377\000M\000\355\000n\000i\000m\000o\000s\000\040\000C\000u\000a\000d\000r\000a\000d\000o\000s\000\040\000L\000i\000n\000e\000a\000l\000e\000s\000\040\000G\000e\000n\000e\000r\000a\000l\000e\000s}{chapter.4}% 34
\BOOKMARK [2][-]{subsection.4.3.1}{\376\377\000S\000o\000l\000u\000c\000i\000\363\000n\000\040\000m\000e\000d\000i\000a\000n\000t\000e\000\040\000e\000l\000\040\000u\000s\000o\000\040\000d\000e\000\040\000l\000a\000s\000\040\000E\000c\000u\000a\000c\000i\000o\000n\000e\000s\000\040\000N\000o\000r\000m\000a\000l\000e\000s}{section.4.3}% 35
\BOOKMARK [2][-]{subsection.4.3.2}{\376\377\000S\000o\000l\000u\000c\000i\000\363\000n\000\040\000m\000e\000d\000i\000a\000n\000t\000e\000\040\000e\000l\000\040\000u\000s\000o\000\040\000d\000e\000\040\000l\000a\000\040\000d\000e\000s\000c\000o\000m\000p\000o\000s\000i\000c\000i\000\363\000n\000\040\000e\000n\000\040\000v\000a\000l\000o\000r\000e\000s\000\040\000s\000i\000n\000g\000u\000l\000a\000r\000e\000s}{section.4.3}% 36
